[acecharityafrica.org/index.html]
[backblue.gif]
[fade.gif]
[index.html]
[acecharityafrica.org/wp-content/plugins/jeg-elementor-kit/assets/css/elements/main4250.css]
[acecharityafrica.org/feed/index.html]
[acecharityafrica.org/wp-content/plugins/elementor/assets/css/frontend.min4a4c.css]
[acecharityafrica.org/comments/feed/index.html]
[acecharityafrica.org/wp-content/uploads/elementor/css/post-1233f2.css]
[acecharityafrica.org/wp-content/plugins/elementor/assets/css/widget-heading.min4a4c.css]
[acecharityafrica.org/wp-content/plugins/elementor/assets/css/widget-image.min4a4c.css]
[acecharityafrica.org/wp-content/plugins/elementor/assets/css/widget-counter.min4a4c.css]
[acecharityafrica.org/wp-content/plugins/elementor/assets/css/widget-icon-box.min4a4c.css]
[acecharityafrica.org/wp-content/plugins/jeg-elementor-kit/assets/js/sweetalert2/sweetalert2.min430c.css]
[acecharityafrica.org/wp-content/uploads/elementor/css/post-8a47b.css]
[acecharityafrica.org/wp-content/plugins/metform/public/assets/lib/cute-alert/style8603.css]
[acecharityafrica.org/wp-content/plugins/metform/public/assets/css/text-editor8603.css]
[acecharityafrica.org/wp-content/themes/hello-elementor/assets/css/resetedb1.css]
[acecharityafrica.org/wp-content/themes/hello-elementor/assets/css/themeedb1.css]
[acecharityafrica.org/wp-content/themes/hello-elementor/assets/css/header-footeredb1.css]
[acecharityafrica.org/wp-content/plugins/metform/public/assets/css/metform-ui8603.css]
[acecharityafrica.org/wp-content/plugins/metform/public/assets/css/style8603.css]
[acecharityafrica.org/wp-content/plugins/elementor/assets/css/widget-icon-list.min4a4c.css]
[acecharityafrica.org/wp-content/plugins/elementor-pro/assets/css/conditionals/popup.min790a.css]
[acecharityafrica.org/wp-content/uploads/elementor/css/post-13092cc.css]
[acecharityafrica.org/wp-content/plugins/elementor/assets/lib/font-awesome/css/all.min4a4c.css]
[acecharityafrica.org/wp-content/plugins/elementor/assets/lib/font-awesome/css/v4-shims.min4a4c.css]
[acecharityafrica.org/wp-content/uploads/elementor/css/post-13292cc.css]
[acecharityafrica.org/wp-content/uploads/elementor/css/post-30355a47b.css]
[acecharityafrica.org/wp-content/plugins/mailchimp/assets/css/flick/flick001e.css]
[acecharityafrica.org/wp-content/plugins/mailchimp/assets/css/frontend001e.css]
[acecharityafrica.org/wp-content/plugins/essential-addons-for-elementor-lite/assets/front-end/css/view/general.mine35d.css]
[acecharityafrica.org/wp-content/uploads/elementor/google-fonts/css/poppins85ea.css]
[acecharityafrica.org/wp-content/uploads/elementor/google-fonts/css/saira97ed.css]
[acecharityafrica.org/wp-content/plugins/jeg-elementor-kit/assets/fonts/jkiticon/jkiticon4250.css]
[acecharityafrica.org/wp-includes/js/jquery/jquery.minf43b.js]
[acecharityafrica.org/wp-includes/js/jquery/jquery-migrate.min5589.js]
[acecharityafrica.org/wp-content/plugins/elementor/assets/lib/font-awesome/js/v4-shims.min4a4c.js]
[acecharityafrica.org/wp-json/index.html]
[acecharityafrica.org/wp-json/wp/v2/pages/8.json]
[acecharityafrica.org/xmlrpc0db0.php]
[acecharityafrica.org/wp-json/oembed/1.0/embedd78e.json]
[acecharityafrica.org/wp-json/oembed/1.0/embed35c6]
[acecharityafrica.org/wp-content/uploads/2024/06/cropped-favico-32x32.png]
[acecharityafrica.org/wp-content/uploads/2024/06/cropped-favico-192x192.png]
[acecharityafrica.org/wp-content/uploads/2024/06/cropped-favico-180x180.png]
[acecharityafrica.org/wp-content/uploads/2024/06/ace-logo.png]
[acecharityafrica.org/wp-content/uploads/2024/09/Layer-12-1.png]
[acecharityafrica.org/about/index.html]
[acecharityafrica.org/wp-content/uploads/2024/09/home-page_-1.png]
[acecharityafrica.org/our-work/ace-radio-school/index.html]
[acecharityafrica.org/our-team/index.html]
[acecharityafrica.org/our-work/index.html]
[acecharityafrica.org/wp-content/uploads/2024/08/children_siblings_icon.png]
[acecharityafrica.org/our-work/the-shield/index.html]
[acecharityafrica.org/our-work/learning-resource-centre/index.html]
[acecharityafrica.org/wp-content/uploads/2024/08/woman_icon.png]
[acecharityafrica.org/our-work/women-youth-empowerment/index.html]
[acecharityafrica.org/wp-content/uploads/2024/08/kids-_icon.png]
[acecharityafrica.org/our-work/advocacy/index.html]
[acecharityafrica.org/wp-content/uploads/2024/08/teacher_icon.png]
[acecharityafrica.org/our-work/sokoto-safe-space/index.html]
[acecharityafrica.org/volunteer/index.html]
[acecharityafrica.org/wp-content/uploads/2024/09/SSK_3446.jpg]
[acecharityafrica.org/publications/index.html]
[acecharityafrica.org/publications/blogs/index.html]
[acecharityafrica.org/wp-content/uploads/2024/09/SSK_3484.jpg]
[acecharityafrica.org/publications/research/index.html]
[acecharityafrica.org/publications/policy-briefs/index.html]
[acecharityafrica.org/contact/index.html]
[acecharityafrica.org/wp-content/uploads/2024/09/PHOTO-2024-09-12-14-45-46-1.jpg]
[acecharityafrica.org/wp-content/uploads/2024/09/SSK-10-5.jpg]
[acecharityafrica.org/wp-content/uploads/2024/09/SSK-53.jpg]
[acecharityafrica.org/donate/index.html]
[acecharityafrica.org/wp-content/uploads/2024/09/SSK-28.jpg]
[acecharityafrica.org/wp-content/uploads/2024/09/SSK-9.jpg]
[acecharityafrica.org/wp-content/uploads/2024/09/SSK-18.jpg]
[acecharityafrica.org/wp-content/uploads/2024/09/Artboard-1-kk.png]
[acecharityafrica.org/wp-content/uploads/2024/09/SSK.jpg]
[acecharityafrica.org/wp-content/uploads/2024/09/SSK-58.jpg]
[acecharityafrica.org/wp-content/uploads/2024/09/ACECHARITY-24.jpg]
[acecharityafrica.org/wp-content/uploads/2024/07/ACE-Education-Logo-1.webp]
[acecharityafrica.org/wp-content/uploads/2024/06/ace-logo-light.png]
[acecharityafrica.org/wp-json/metform/v1/entries/insert/220.json]
[acecharityafrica.org/cdn-cgi/scripts/5c5dd728/cloudflare-static/email-decode.min.js]
[acecharityafrica.org/wp-content/plugins/jeg-elementor-kit/lib/jeg-framework/assets/css/jeg-dynamic-styles6f3e.css]
[acecharityafrica.org/wp-content/plugins/elementor/assets/js/webpack.runtime.min4a4c.js]
[acecharityafrica.org/wp-content/plugins/elementor/assets/js/frontend-modules.min4a4c.js]
[acecharityafrica.org/wp-includes/js/jquery/ui/core.minb37e.js]
[acecharityafrica.org/wp-content/plugins/elementor/assets/js/frontend.min4a4c.js]
[acecharityafrica.org/wp-content/plugins/elementor/assets/lib/jquery-numerator/jquery-numerator.min3958.js]
[acecharityafrica.org/wp-content/plugins/metform/public/assets/lib/cute-alert/cute-alert8603.js]
[acecharityafrica.org/wp-content/themes/hello-elementor/assets/js/hello-frontendedb1.js]
[acecharityafrica.org/wp-content/plugins/metform/public/assets/js/htm8603.js]
[acecharityafrica.org/indexe2f2.html]
[acecharityafrica.org/wp-includes/js/dist/vendor/react.mine1ab.js]
[acecharityafrica.org/wp-includes/js/dist/vendor/react-dom.mine1ab.js]
[acecharityafrica.org/wp-includes/js/dist/escape-html.min3a9d.js]
[acecharityafrica.org/wp-includes/js/dist/element.minfa0f.js]
[acecharityafrica.org/wp-includes/js/jquery/jquery.form.minb2f9.js]
[acecharityafrica.org/wp-content/plugins/metform/public/assets/js/app8603.js]
[acecharityafrica.org/wp-includes/js/jquery/ui/datepicker.minb37e.js]
[acecharityafrica.org/wp-content/plugins/mailchimp/assets/js/mailchimp001e.js]
[acecharityafrica.org/wp-content/plugins/jeg-elementor-kit/assets/js/sweetalert2/sweetalert2.min430c.js]
[acecharityafrica.org/wp-content/plugins/jeg-elementor-kit/assets/js/elements/nav-menu4250.js]
[acecharityafrica.org/wp-content/plugins/jeg-elementor-kit/assets/js/elements/video-button4250.js]
[acecharityafrica.org/wp-content/plugins/jeg-elementor-kit/assets/js/elements/mailchimp4250.js]
[acecharityafrica.org/wp-content/plugins/jeg-elementor-kit/assets/js/elements/sticky-element4250.js]
[acecharityafrica.org/wp-content/plugins/essential-addons-for-elementor-lite/assets/front-end/js/view/general.mine35d.js]
[acecharityafrica.org/wp-content/plugins/elementor-pro/assets/js/webpack-pro.runtime.min790a.js]
[acecharityafrica.org/wp-includes/js/dist/hooks.min4fdd.js]
[acecharityafrica.org/wp-includes/js/dist/i18n.minc33c.js]
[acecharityafrica.org/wp-content/plugins/elementor-pro/assets/js/frontend.min790a.js]
[acecharityafrica.org/wp-content/plugins/elementor-pro/assets/js/elements-handlers.min790a.js]
[acecharityafrica.org/index.html]
[acecharityafrica.org/cdn-cgi/scripts/7d0fa10a/cloudflare-static/rocket-loader.min.js]
[acecharityafrica.org/wp-content/plugins/jeg-elementor-kit/assets/css/elements/main4250.css]
[acecharityafrica.org/wp-content/plugins/elementor/assets/css/frontend.min4a4c.css]
[acecharityafrica.org/wp-content/uploads/elementor/css/post-1233f2.css]
[acecharityafrica.org/wp-content/plugins/elementor/assets/css/widget-heading.min4a4c.css]
[acecharityafrica.org/wp-content/plugins/elementor/assets/css/widget-image.min4a4c.css]
[acecharityafrica.org/wp-content/plugins/elementor/assets/css/widget-counter.min4a4c.css]
[acecharityafrica.org/wp-content/plugins/elementor/assets/css/widget-icon-box.min4a4c.css]
[acecharityafrica.org/wp-content/plugins/jeg-elementor-kit/assets/js/sweetalert2/sweetalert2.min430c.css]
[acecharityafrica.org/wp-content/plugins/jeg-elementor-kit/assets/img/letter-x.svg]
[acecharityafrica.org/wp-content/uploads/2024/09/Export-this-2.png]
[acecharityafrica.org/wp-content/uploads/2024/09/Export-this.png]
[acecharityafrica.org/wp-content/uploads/2024/09/Ellipse-1.png]
[acecharityafrica.org/wp-content/uploads/elementor/css/post-8a47b.css]
[acecharityafrica.org/wp-content/plugins/metform/public/assets/lib/cute-alert/style8603.css]
[acecharityafrica.org/wp-content/plugins/metform/public/assets/css/text-editor8603.css]
[acecharityafrica.org/wp-content/themes/hello-elementor/assets/css/resetedb1.css]
[acecharityafrica.org/wp-content/themes/hello-elementor/assets/css/themeedb1.css]
[acecharityafrica.org/wp-content/themes/hello-elementor/assets/css/header-footeredb1.css]
[acecharityafrica.org/wp-content/plugins/metform/public/assets/css/metform-ui8603.css]
[acecharityafrica.org/wp-content/plugins/metform/public/assets/css/style8603.css]
[acecharityafrica.org/wp-content/plugins/elementor/assets/css/widget-icon-list.min4a4c.css]
[acecharityafrica.org/wp-content/plugins/elementor-pro/assets/css/conditionals/popup.min790a.css]
[acecharityafrica.org/wp-content/uploads/elementor/css/post-13092cc.css]
[acecharityafrica.org/wp-content/plugins/elementor/assets/lib/font-awesome/webfonts/fa-brands-400.eot]
[acecharityafrica.org/wp-content/plugins/elementor/assets/lib/font-awesome/webfonts/fa-brands-400d41d.eot]
[acecharityafrica.org/wp-content/plugins/elementor/assets/lib/font-awesome/webfonts/fa-brands-400.woff2]
[acecharityafrica.org/wp-content/plugins/elementor/assets/lib/font-awesome/webfonts/fa-brands-400.woff]
[acecharityafrica.org/wp-content/plugins/elementor/assets/lib/font-awesome/webfonts/fa-brands-400.ttf]
[acecharityafrica.org/wp-content/plugins/elementor/assets/lib/font-awesome/webfonts/fa-brands-400.svg]
[acecharityafrica.org/wp-content/plugins/elementor/assets/lib/font-awesome/webfonts/fa-regular-400.eot]
[acecharityafrica.org/wp-content/plugins/elementor/assets/lib/font-awesome/webfonts/fa-regular-400d41d.eot]
[acecharityafrica.org/wp-content/plugins/elementor/assets/lib/font-awesome/webfonts/fa-regular-400.woff2]
[acecharityafrica.org/wp-content/plugins/elementor/assets/lib/font-awesome/webfonts/fa-regular-400.woff]
[acecharityafrica.org/wp-content/plugins/elementor/assets/lib/font-awesome/webfonts/fa-regular-400.ttf]
[acecharityafrica.org/wp-content/plugins/elementor/assets/lib/font-awesome/webfonts/fa-regular-400.svg]
[acecharityafrica.org/wp-content/plugins/elementor/assets/lib/font-awesome/webfonts/fa-solid-900.eot]
[acecharityafrica.org/wp-content/plugins/elementor/assets/lib/font-awesome/webfonts/fa-solid-900d41d.eot]
[acecharityafrica.org/wp-content/plugins/elementor/assets/lib/font-awesome/webfonts/fa-solid-900.woff2]
[acecharityafrica.org/wp-content/plugins/elementor/assets/lib/font-awesome/webfonts/fa-solid-900.woff]
[acecharityafrica.org/wp-content/plugins/elementor/assets/lib/font-awesome/webfonts/fa-solid-900.ttf]
[acecharityafrica.org/wp-content/plugins/elementor/assets/lib/font-awesome/css/all.min4a4c.css]
[acecharityafrica.org/wp-content/plugins/elementor/assets/lib/font-awesome/css/v4-shims.min4a4c.css]
[acecharityafrica.org/wp-content/uploads/elementor/css/post-13292cc.css]
[acecharityafrica.org/wp-content/uploads/elementor/css/post-30355a47b.css]
[acecharityafrica.org/wp-content/plugins/elementor/assets/lib/font-awesome/webfonts/fa-solid-900.svg]
[acecharityafrica.org/wp-content/plugins/mailchimp/assets/css/flick/images/ui-bg_flat_75_ffffff_40x100.png]
[acecharityafrica.org/wp-content/plugins/mailchimp/assets/css/flick/images/ui-bg_highlight-soft_50_dddddd_1x100.png]
[acecharityafrica.org/wp-content/plugins/mailchimp/assets/css/flick/images/ui-bg_highlight-soft_100_f6f6f6_1x100.png]
[acecharityafrica.org/wp-content/plugins/mailchimp/assets/css/flick/images/ui-bg_highlight-soft_25_0073ea_1x100.png]
[acecharityafrica.org/wp-content/plugins/mailchimp/assets/css/flick/images/ui-bg_glass_65_ffffff_1x400.png]
[acecharityafrica.org/wp-content/plugins/mailchimp/assets/css/flick/images/ui-bg_flat_55_ffffff_40x100.png]
[acecharityafrica.org/wp-content/plugins/mailchimp/assets/css/flick/images/ui-icons_ff0084_256x240.png]
[acecharityafrica.org/wp-content/plugins/mailchimp/assets/css/flick/images/ui-icons_0073ea_256x240.png]
[acecharityafrica.org/wp-content/plugins/mailchimp/assets/css/flick/images/ui-icons_666666_256x240.png]
[acecharityafrica.org/wp-content/plugins/mailchimp/assets/css/flick/images/ui-icons_ffffff_256x240.png]
[acecharityafrica.org/wp-content/plugins/mailchimp/assets/css/flick/images/ui-icons_454545_256x240.png]
[acecharityafrica.org/wp-content/plugins/mailchimp/assets/css/flick/images/ui-bg_flat_0_eeeeee_40x100.png]
[acecharityafrica.org/wp-content/plugins/mailchimp/assets/css/flick/images/ui-bg_flat_0_aaaaaa_40x100.png]
[acecharityafrica.org/wp-content/plugins/mailchimp/assets/css/flick/flick001e.css]
[acecharityafrica.org/wp-content/plugins/mailchimp/assets/css/frontend001e.css]
[acecharityafrica.org/wp-content/plugins/essential-addons-for-elementor-lite/assets/front-end/css/view/general.mine35d.css]
[acecharityafrica.org/wp-content/uploads/elementor/google-fonts/fonts/poppins-pxiayp8kv8jhgfvrjjlme0tmmpkzsq.woff2]
[acecharityafrica.org/wp-content/uploads/elementor/google-fonts/fonts/poppins-pxiayp8kv8jhgfvrjjlme0tcmpi.woff2]
[acecharityafrica.org/wp-content/uploads/elementor/google-fonts/fonts/poppins-pxidyp8kv8jhgfvrjjlmv1pvgdeoceg.woff2]
[acecharityafrica.org/wp-content/uploads/elementor/google-fonts/fonts/poppins-pxidyp8kv8jhgfvrjjlmv1pvf9eo.woff2]
[acecharityafrica.org/wp-content/uploads/elementor/google-fonts/fonts/poppins-pxidyp8kv8jhgfvrjjlm21lvgdeoceg.woff2]
[acecharityafrica.org/wp-content/uploads/elementor/google-fonts/fonts/poppins-pxidyp8kv8jhgfvrjjlm21lvf9eo.woff2]
[acecharityafrica.org/wp-content/uploads/elementor/google-fonts/fonts/poppins-pxigyp8kv8jhgfvrjjlufntakpy.woff2]
[acecharityafrica.org/wp-content/uploads/elementor/google-fonts/fonts/poppins-pxigyp8kv8jhgfvrjjluchta.woff2]
[acecharityafrica.org/wp-content/uploads/elementor/google-fonts/fonts/poppins-pxidyp8kv8jhgfvrjjlmg1hvgdeoceg.woff2]
[acecharityafrica.org/wp-content/uploads/elementor/google-fonts/fonts/poppins-pxidyp8kv8jhgfvrjjlmg1hvf9eo.woff2]
[acecharityafrica.org/wp-content/uploads/elementor/google-fonts/fonts/poppins-pxidyp8kv8jhgfvrjjlmr19vgdeoceg.woff2]
[acecharityafrica.org/wp-content/uploads/elementor/google-fonts/fonts/poppins-pxidyp8kv8jhgfvrjjlmr19vf9eo.woff2]
[acecharityafrica.org/wp-content/uploads/elementor/google-fonts/fonts/poppins-pxidyp8kv8jhgfvrjjlmy15vgdeoceg.woff2]
[acecharityafrica.org/wp-content/uploads/elementor/google-fonts/fonts/poppins-pxidyp8kv8jhgfvrjjlmy15vf9eo.woff2]
[acecharityafrica.org/wp-content/uploads/elementor/google-fonts/fonts/poppins-pxidyp8kv8jhgfvrjjlm111vgdeoceg.woff2]
[acecharityafrica.org/wp-content/uploads/elementor/google-fonts/fonts/poppins-pxidyp8kv8jhgfvrjjlm111vf9eo.woff2]
[acecharityafrica.org/wp-content/uploads/elementor/google-fonts/fonts/poppins-pxidyp8kv8jhgfvrjjlm81xvgdeoceg.woff2]
[acecharityafrica.org/wp-content/uploads/elementor/google-fonts/fonts/poppins-pxidyp8kv8jhgfvrjjlm81xvf9eo.woff2]
[acecharityafrica.org/wp-content/uploads/elementor/google-fonts/fonts/poppins-pxigyp8kv8jhgfvrlptufntakpy.woff2]
[acecharityafrica.org/wp-content/uploads/elementor/google-fonts/fonts/poppins-pxigyp8kv8jhgfvrlptuchta.woff2]
[acecharityafrica.org/wp-content/uploads/elementor/google-fonts/fonts/poppins-pxibyp8kv8jhgfvrlfj_z1jlfc-k.woff2]
[acecharityafrica.org/wp-content/uploads/elementor/google-fonts/fonts/poppins-pxibyp8kv8jhgfvrlfj_z1xlfq.woff2]
[acecharityafrica.org/wp-content/uploads/elementor/google-fonts/fonts/poppins-pxibyp8kv8jhgfvrldz8z1jlfc-k.woff2]
[acecharityafrica.org/wp-content/uploads/elementor/google-fonts/fonts/poppins-pxibyp8kv8jhgfvrldz8z1xlfq.woff2]
[acecharityafrica.org/wp-content/uploads/elementor/google-fonts/fonts/poppins-pxieyp8kv8jhgfvrjjnecmne.woff2]
[acecharityafrica.org/wp-content/uploads/elementor/google-fonts/fonts/poppins-pxieyp8kv8jhgfvrjjfecg.woff2]
[acecharityafrica.org/wp-content/uploads/elementor/google-fonts/fonts/poppins-pxibyp8kv8jhgfvrlgt9z1jlfc-k.woff2]
[acecharityafrica.org/wp-content/uploads/elementor/google-fonts/fonts/poppins-pxibyp8kv8jhgfvrlgt9z1xlfq.woff2]
[acecharityafrica.org/wp-content/uploads/elementor/google-fonts/fonts/poppins-pxibyp8kv8jhgfvrlej6z1jlfc-k.woff2]
[acecharityafrica.org/wp-content/uploads/elementor/google-fonts/fonts/poppins-pxibyp8kv8jhgfvrlej6z1xlfq.woff2]
[acecharityafrica.org/wp-content/uploads/elementor/google-fonts/fonts/poppins-pxibyp8kv8jhgfvrlcz7z1jlfc-k.woff2]
[acecharityafrica.org/wp-content/uploads/elementor/google-fonts/fonts/poppins-pxibyp8kv8jhgfvrlcz7z1xlfq.woff2]
[acecharityafrica.org/wp-content/uploads/elementor/google-fonts/fonts/poppins-pxibyp8kv8jhgfvrldd4z1jlfc-k.woff2]
[acecharityafrica.org/wp-content/uploads/elementor/google-fonts/fonts/poppins-pxibyp8kv8jhgfvrldd4z1xlfq.woff2]
[acecharityafrica.org/wp-content/uploads/elementor/google-fonts/fonts/poppins-pxibyp8kv8jhgfvrlbt5z1jlfc-k.woff2]
[acecharityafrica.org/wp-content/uploads/elementor/google-fonts/fonts/poppins-pxibyp8kv8jhgfvrlbt5z1xlfq.woff2]
[acecharityafrica.org/wp-content/uploads/elementor/google-fonts/css/poppins85ea.css]
[acecharityafrica.org/wp-content/uploads/elementor/google-fonts/fonts/saira-memhya2wxmkqynkiv50dulwp7s95aqztzbvffs2-vw.woff2]
[acecharityafrica.org/wp-content/uploads/elementor/google-fonts/fonts/saira-memhya2wxmkqynkiv50dulwp7s95aqztzbvefs2-vw.woff2]
[acecharityafrica.org/wp-content/uploads/elementor/google-fonts/fonts/saira-memhya2wxmkqynkiv50dulwp7s95aqztzbvqfs0.woff2]
[acecharityafrica.org/wp-content/uploads/elementor/google-fonts/fonts/saira-memjya2wxmkqypmrzx79wwyzqmhsyuslh4vszsk.woff2]
[acecharityafrica.org/wp-content/uploads/elementor/google-fonts/fonts/saira-memjya2wxmkqypmrzx79wwyzqmhsyuslhovszsk.woff2]
[acecharityafrica.org/wp-content/uploads/elementor/google-fonts/fonts/saira-memjya2wxmkqypmrzx79wwyzqmhsyusliivs.woff2]
[acecharityafrica.org/wp-content/uploads/elementor/google-fonts/css/saira97ed.css]
[acecharityafrica.org/wp-content/plugins/jeg-elementor-kit/assets/fonts/jkiticon/jkiticon7107.woff2]
[acecharityafrica.org/wp-content/plugins/jeg-elementor-kit/assets/fonts/jkiticon/jkiticon7107.woff]
[acecharityafrica.org/wp-content/plugins/jeg-elementor-kit/assets/fonts/jkiticon/jkiticon7107.eot]
[acecharityafrica.org/wp-content/plugins/jeg-elementor-kit/assets/fonts/jkiticon/jkiticon7107.ttf]
[acecharityafrica.org/wp-content/plugins/jeg-elementor-kit/assets/fonts/jkiticon/jkiticon4250.css]
[acecharityafrica.org/wp-content/plugins/elementor/assets/lib/animations/styles/e-animation-shrink.min4a4c.css]
[acecharityafrica.org/wp-content/plugins/elementor/assets/css/widget-spacer.min4a4c.css]
[acecharityafrica.org/wp-content/plugins/jeg-elementor-kit/assets/fonts/jkiticon/jkiticon7107.svg]
[acecharityafrica.org/wp-content/uploads/elementor/css/post-1541807.css]
[acecharityafrica.org/wp-content/uploads/elementor/google-fonts/css/sairacondensed2fd7.css]
[acecharityafrica.org/wp-json/wp/v2/pages/154.json]
[acecharityafrica.org/wp-json/oembed/1.0/embed97ec.json]
[acecharityafrica.org/wp-json/oembed/1.0/embed3b2e]
[acecharityafrica.org/wp-content/uploads/2024/06/Group-15-1.png]
[acecharityafrica.org/wp-content/uploads/2024/06/Group-16-1.png]
[acecharityafrica.org/wp-content/uploads/2024/06/Group-17-1.png]
[acecharityafrica.org/about/index.html]
[acecharityafrica.org/wp-content/uploads/elementor/css/post-177ed27.css]
[acecharityafrica.org/wp-json/wp/v2/pages/177.json]
[acecharityafrica.org/wp-json/oembed/1.0/embed421f.json]
[acecharityafrica.org/wp-json/oembed/1.0/embed64d8]
[acecharityafrica.org/wp-content/uploads/2024/09/Ace_-1.png]
[acecharityafrica.org/wp-content/uploads/2024/07/ACE-Charity-Africa-2021.jpg]
[acecharityafrica.org/wp-content/uploads/2024/09/John-2021.jpg.png]
[acecharityafrica.org/wp-content/uploads/2024/07/Hassana-2021.jpg]
[acecharityafrica.org/wp-content/uploads/2024/09/ACE-Charity-Africa-Team.jpg.png]
[acecharityafrica.org/wp-content/uploads/2024/09/Oluwatomiwa-Oginni1.jpg]
[acecharityafrica.org/wp-content/uploads/2024/07/ACE-Charity-Team.jpg]
[acecharityafrica.org/wp-content/uploads/2024/07/ACE-Charity-Africa-2021-1.jpg]
[acecharityafrica.org/wp-content/uploads/2024/07/ACE-Charity-Africa-Team-1.jpg]
[acecharityafrica.org/wp-content/uploads/2024/07/Bisola-from-ACE-Charity.jpg]
[acecharityafrica.org/wp-content/uploads/2024/09/ACE-Charity-Africa-Temi-Oke.jpg.png]
[acecharityafrica.org/wp-content/uploads/2024/07/ACE-Charity-Africa-Favour.jpg]
[acecharityafrica.org/wp-content/uploads/2024/07/Bukola-from-ACE-Charity.jpg]
[acecharityafrica.org/wp-content/uploads/2024/07/ACE-Charity-Africa-Abatcha.jpg]
[acecharityafrica.org/wp-content/uploads/2024/09/PHOTO-2024-09-13-11-27-01.jpg]
[acecharityafrica.org/wp-content/uploads/2024/07/Nike-Komolafe.jpg]
[acecharityafrica.org/wp-content/uploads/2024/07/Emem-Opashi-2.jpg]
[acecharityafrica.org/wp-content/uploads/2024/07/Soji-Adeniyi-from-ACE-Charity-Africa.jpg]
[acecharityafrica.org/wp-content/uploads/2024/09/Screenshot_20240830-163500_Gallery.jpg]
[acecharityafrica.org/wp-content/uploads/2024/07/ACE-Charity-Africa-Crystal.jpg]
[acecharityafrica.org/wp-content/uploads/2024/07/Gerald-from-ACE-Charity-Africa.jpg]
[acecharityafrica.org/wp-content/uploads/2024/09/Kiki-James-2022.jpg.png]
[acecharityafrica.org/our-team/index.html]
[acecharityafrica.org/wp-content/plugins/jeg-elementor-kit/assets/js/elements/team4250.js]
[acecharityafrica.org/wp-content/uploads/elementor/css/post-160840f.css]
[acecharityafrica.org/wp-json/wp/v2/pages/160.json]
[acecharityafrica.org/wp-json/oembed/1.0/embed009f.json]
[acecharityafrica.org/wp-json/oembed/1.0/embed6cef]
[acecharityafrica.org/wp-content/uploads/2024/07/shield2.jpg]
[acecharityafrica.org/wp-content/uploads/2024/07/shield3.jpg]
[acecharityafrica.org/wp-content/uploads/2024/07/shield.jpg]
[acecharityafrica.org/wp-content/uploads/2024/07/Screenshot-2024-07-12-at-4.01.15 PM.png]
[acecharityafrica.org/wp-content/uploads/2024/07/Screenshot-2024-07-12-at-3.58.53 PM.png]
[acecharityafrica.org/our-work/index.html]
[acecharityafrica.org/wp-content/uploads/elementor/css/post-184be04.css]
[acecharityafrica.org/wp-json/wp/v2/pages/184.json]
[acecharityafrica.org/wp-json/oembed/1.0/embedd36a.json]
[acecharityafrica.org/wp-json/oembed/1.0/embedbaaf]
[acecharityafrica.org/wp-content/uploads/2024/09/ars-1.jpg.png]
[acecharityafrica.org/wp-content/uploads/2024/09/ars-4.jpg.png]
[acecharityafrica.org/wp-content/uploads/2024/09/ars-3.jpg.png]
[acecharityafrica.org/wp-content/uploads/2024/09/ccb3a36d-8a1e-46cb-bed6-3feb750ac525-1024x683.jpg]
[acecharityafrica.org/wp-content/uploads/2024/09/WhatsApp-Image-2024-09-05-at-08.02.06-1024x683.jpg]
[acecharityafrica.org/wp-content/uploads/2024/09/Rectangle-3-1.png]
[acecharityafrica.org/wp-content/uploads/2024/09/pullup_banner-683x1024.jpg]
[acecharityafrica.org/wp-content/uploads/2024/09/pull-up-multi-683x1024.jpg]
[acecharityafrica.org/wp-content/uploads/2024/09/Rectangle-4-1.png]
[acecharityafrica.org/wp-content/uploads/2024/09/Rectangle-6-1.png]
[acecharityafrica.org/wp-content/uploads/2024/09/WhatsApp-Image-2024-09-05-at-08.02.05-1024x683.jpg]
[acecharityafrica.org/wp-content/uploads/2024/09/WhatsApp-Image-2024-09-05-at-08.02.03-1.jpg]
[acecharityafrica.org/wp-content/uploads/2024/09/WhatsApp-Image-2024-09-05-at-08.02.06-1-1.jpg]
[acecharityafrica.org/our-work/ace-radio-school/index.html]
[acecharityafrica.org/wp-content/uploads/elementor/css/post-18724c7.css]
[acecharityafrica.org/wp-json/wp/v2/pages/187.json]
[acecharityafrica.org/wp-json/oembed/1.0/embedfd2a.json]
[acecharityafrica.org/wp-json/oembed/1.0/embed3669]
[acecharityafrica.org/wp-content/uploads/2024/09/Rectangle-3.png]
[acecharityafrica.org/wp-content/uploads/2024/09/Rectangle-4.png]
[acecharityafrica.org/wp-content/uploads/2024/09/Rectangle-6.png]
[acecharityafrica.org/wp-content/uploads/2024/09/Rectangle-5.png]
[acecharityafrica.org/wp-content/uploads/2024/09/Rectangle-7.png]
[acecharityafrica.org/our-work/learning-resource-centre/index.html]
[acecharityafrica.org/wp-content/plugins/elementor/assets/css/widget-video.min4a4c.css]
[acecharityafrica.org/wp-content/uploads/elementor/css/post-189724a.css]
[acecharityafrica.org/wp-json/wp/v2/pages/189.json]
[acecharityafrica.org/wp-json/oembed/1.0/embed919e.json]
[acecharityafrica.org/wp-json/oembed/1.0/embedb049]
[acecharityafrica.org/wp-content/uploads/2024/09/ben-1.png]
[acecharityafrica.org/our-work/the-shield/index.html]
[acecharityafrica.org/wp-content/uploads/elementor/css/post-19101be.css]
[acecharityafrica.org/wp-json/wp/v2/pages/191.json]
[acecharityafrica.org/wp-json/oembed/1.0/embed9b3a.json]
[acecharityafrica.org/wp-json/oembed/1.0/embed0490]
[acecharityafrica.org/wp-content/uploads/2024/09/SSK_6177.jpg]
[acecharityafrica.org/wp-content/uploads/2024/09/SSK_0129.jpg]
[acecharityafrica.org/wp-content/uploads/2024/06/training-session-1-1.jpg]
[acecharityafrica.org/wp-content/uploads/2024/06/training-session-2.jpg]
[acecharityafrica.org/wp-content/uploads/2024/07/ars-9-1.jpg]
[acecharityafrica.org/wp-content/uploads/2024/07/ars-8.jpg]
[acecharityafrica.org/wp-content/uploads/2024/07/ars-9.jpg]
[acecharityafrica.org/our-work/women-youth-empowerment/index.html]
[acecharityafrica.org/wp-content/uploads/elementor/css/post-193b604.css]
[acecharityafrica.org/wp-json/wp/v2/pages/193.json]
[acecharityafrica.org/wp-json/oembed/1.0/embedc877.json]
[acecharityafrica.org/wp-json/oembed/1.0/embed7aa8]
[acecharityafrica.org/wp-content/uploads/2024/09/Research-and-Advocacy-SSK-1621.jpg]
[acecharityafrica.org/our-work/advocacy/index.html]
[acecharityafrica.org/wp-content/uploads/elementor/css/post-30065a94f.css]
[acecharityafrica.org/wp-json/wp/v2/pages/30065.json]
[acecharityafrica.org/wp-json/oembed/1.0/embed6cc8.json]
[acecharityafrica.org/wp-json/oembed/1.0/embed4f5e]
[acecharityafrica.org/wp-content/uploads/2024/09/Sokoto-Safe-Space-2-1024x683.jpg]
[acecharityafrica.org/wp-content/uploads/2024/09/Sokoto-Safe-Space-1.jpg]
[acecharityafrica.org/wp-content/uploads/2024/09/Sokoto-Safe-Space.jpg]
[acecharityafrica.org/our-work/sokoto-safe-space/index.html]
[acecharityafrica.org/wp-content/uploads/elementor/css/post-1622a90.css]
[acecharityafrica.org/wp-json/wp/v2/pages/162.json]
[acecharityafrica.org/wp-json/oembed/1.0/embedd330.json]
[acecharityafrica.org/wp-json/oembed/1.0/embedc243]
[acecharityafrica.org/wp-content/uploads/forminator/589_2ab9904461ac6d81704d56b512e3aec8/css/style-589cba0.css]
[acecharityafrica.org/wp-content/plugins/forminator/assets/forminator-ui/css/forminator-icons.min34f5.css]
[acecharityafrica.org/wp-content/plugins/forminator/assets/forminator-ui/css/src/forminator-utilities.min34f5.css]
[acecharityafrica.org/wp-content/plugins/forminator/assets/forminator-ui/css/src/grid/forminator-grid.open.min34f5.css]
[acecharityafrica.org/wp-content/plugins/forminator/assets/forminator-ui/css/src/form/forminator-form-flat.base.min34f5.css]
[acecharityafrica.org/wp-content/plugins/forminator/assets/forminator-ui/css/src/form/forminator-form-flat.select2.min34f5.css]
[acecharityafrica.org/wp-content/plugins/forminator/assets/forminator-ui/css/src/form/forminator-form-flat.full.min34f5.css]
[acecharityafrica.org/wp-includes/css/buttons.min5ac5.css]
[acecharityafrica.org/wp-content/plugins/forminator/assets/forminator-ui/js/select2.full.min34f5.js]
[acecharityafrica.org/wp-content/plugins/forminator/assets/js/library/jquery.validate.min34f5.js]
[acecharityafrica.org/wp-content/plugins/forminator/assets/forminator-ui/js/forminator-form.min34f5.js]
[acecharityafrica.org/volunteer/index.html]
[acecharityafrica.org/wp-content/plugins/forminator/build/front/front.multi.min34f5.js]
[acecharityafrica.org/wp-content/plugins/elementor-pro/assets/css/widget-posts.min790a.css]
[acecharityafrica.org/wp-content/plugins/elementor/assets/css/widget-divider.min4a4c.css]
[acecharityafrica.org/wp-content/uploads/elementor/css/post-16623ee.css]
[acecharityafrica.org/wp-json/wp/v2/pages/166.json]
[acecharityafrica.org/wp-json/oembed/1.0/embedf604.json]
[acecharityafrica.org/wp-json/oembed/1.0/embedafb6]
[acecharityafrica.org/wp-content/uploads/2021/06/Screen-Shot-2022-01-06-at-3.28.26-PM-300x171.png]
[acecharityafrica.org/publications/annual-reports/index.html]
[acecharityafrica.org/wp-content/uploads/2022/12/Screenshot-2022-12-19-at-10.59.13-AM-300x248.png]
[acecharityafrica.org/2022/12/19/transforming-girl-child-education-through-gender-mainstreaming-in-education-budgets/index.html]
[acecharityafrica.org/wp-content/uploads/2022/12/GROUP-Image-300x179.jpg]
[acecharityafrica.org/2021/06/23/2020-fact-sheet/index.html]
[acecharityafrica.org/wp-content/uploads/2025/07/IMG_1422-220x300.jpg]
[acecharityafrica.org/publications/index.html]
[acecharityafrica.org/wp-includes/js/imagesloaded.minbb93.js]
[acecharityafrica.org/2022/12/19/inclusive-learning-for-children-in-northeast-nigeria-radio-school-response-during-a-global-pandemic-2/index.html]
[acecharityafrica.org/wp-content/uploads/elementor/css/post-2042b9e.css]
[acecharityafrica.org/2025/07/31/from-intern-to-industry-professional/index.html]
[acecharityafrica.org/wp-json/wp/v2/pages/204.json]
[acecharityafrica.org/wp-json/oembed/1.0/embed5631.json]
[acecharityafrica.org/wp-json/oembed/1.0/embed9cd9]
[acecharityafrica.org/wp-content/uploads/2025/07/IMG_1422.jpg]
[acecharityafrica.org/wp-content/uploads/2022/08/Screen-Shot-2022-08-29-at-4.14.46-PM.png]
[acecharityafrica.org/wp-content/uploads/2022/07/Why_ACE_Radio_Works.jpg]
[acecharityafrica.org/2022/08/29/innovative-learning-the-future-of-education-in-africa/index.html]
[acecharityafrica.org/2024/06/28/radio-as-a-tool-for-alternative-education-in-nigeria/index.html]
[acecharityafrica.org/wp-content/uploads/2022/03/Screen-Shot-2022-03-10-at-12.00.00-PM.png]
[acecharityafrica.org/2022/07/20/three-reasons-ace-radio-school-works/index.html]
[acecharityafrica.org/2022/03/10/a-new-beginning-for-rural-women-in-nigeria/index.html]
[acecharityafrica.org/wp-content/uploads/2021/11/Screen-Shot-2022-01-06-at-3.16.40-PM.png]
[acecharityafrica.org/2021/11/22/public-school-pupils-in-nigerian-schools-are-behind-on-21st-century-skills-risk-and-solutions/index.html]
[acecharityafrica.org/wp-content/uploads/2021/04/Screen-Shot-2022-01-06-at-4.34.08-PM.png]
[acecharityafrica.org/2021/04/07/why-there-is-a-high-level-of-receptiveness-to-radio-as-an-alternative-form-of-education-among-northerners-in-nigeria/index.html]
[acecharityafrica.org/wp-content/uploads/2020/06/Screen-Shot-2022-01-13-at-10.40.56-AM.png]
[acecharityafrica.org/2020/06/08/ace-radio-school-supports-education-in-northern-nigeria-during-covid-19/index.html]
[acecharityafrica.org/wp-content/uploads/2021/12/7.jpg]
[acecharityafrica.org/publications/blogs/index.html]
[acecharityafrica.org/wp-content/plugins/jeg-elementor-kit/assets/js/elements/post-pagination4250.js]
[acecharityafrica.org/2019/11/15/what-does-it-truly-mean-to-be-fulfilled/index.html]
[acecharityafrica.org/wp-content/uploads/elementor/css/post-20623ee.css]
[acecharityafrica.org/wp-json/wp/v2/pages/206.json]
[acecharityafrica.org/wp-json/oembed/1.0/embed3209.json]
[acecharityafrica.org/wp-json/oembed/1.0/embed16db]
[acecharityafrica.org/wp-content/uploads/2022/12/GROUP-Image.jpg]
[acecharityafrica.org/wp-content/uploads/2022/12/Boy.jpg]
[acecharityafrica.org/wp-content/uploads/2022/12/girl-left-behind-1.jpg]
[acecharityafrica.org/wp-content/uploads/2021/04/Screen-Shot-2022-01-06-at-4.28.22-PM.png]
[acecharityafrica.org/2022/12/19/underserved-yet-undeterred-exploring-perspectives-of-out-of-school-boys-in-northern-nigeria/index.html]
[acecharityafrica.org/publications/research/index.html]
[acecharityafrica.org/2021/04/19/the-ontology-of-the-girl-child-in-relation-to-education-and-culture/index.html]
[acecharityafrica.org/2022/12/19/not-left-behind-perspectives-from-out-of-school-girls-in-northern-nigeria/index.html]
[acecharityafrica.org/wp-content/uploads/elementor/css/post-2100aa9.css]
[acecharityafrica.org/wp-json/wp/v2/pages/210.json]
[acecharityafrica.org/wp-json/oembed/1.0/embedb207.json]
[acecharityafrica.org/wp-json/oembed/1.0/embed0b7d]
[acecharityafrica.org/wp-content/uploads/2022/12/Screenshot-2022-12-19-at-10.59.13-AM.png]
[acecharityafrica.org/wp-content/uploads/2020/10/Screen-Shot-2022-01-06-at-4.42.11-PM.png]
[acecharityafrica.org/wp-content/uploads/2020/03/Screen-Shot-2022-01-13-at-10.56.39-AM.png]
[acecharityafrica.org/2020/10/23/policy-brief-girl-child-education-in-adamawa-state/index.html]
[acecharityafrica.org/publications/policy-briefs/index.html]
[acecharityafrica.org/2020/03/03/2020-fact-sheet-reforming-basic-education-in-nigeria/index.html]
[acecharityafrica.org/2019/01/11/policy-brief-girl-child-education-in-borno-state/index.html]
[acecharityafrica.org/wp-content/uploads/elementor/css/post-1688ce3.css]
[acecharityafrica.org/2018/07/09/policy-brief-girl-child-education-in-kano/index.html]
[acecharityafrica.org/wp-json/wp/v2/pages/168.json]
[acecharityafrica.org/wp-json/oembed/1.0/embedf5a5.json]
[acecharityafrica.org/wp-json/oembed/1.0/embed0f20]
[acecharityafrica.org/wp-content/uploads/2024/06/Group-1000002712-1.png]
[acecharityafrica.org/cdn-cgi/l/email-protection]
[acecharityafrica.org/wp-content/uploads/2024/06/Group-1000002711.png]
[acecharityafrica.org/wp-content/uploads/2024/06/Group-1000002710.png]
[acecharityafrica.org/wp-content/uploads/forminator/595_c9b5600764c5d642562fe23b6b962f9f/css/style-595d2fd.css]
[acecharityafrica.org/wp-content/plugins/forminator/assets/css/intlTelInput.minfa0c.css]
[acecharityafrica.org/wp-content/plugins/forminator/assets/js/library/intlTelInput.min34f5.js]
[acecharityafrica.org/contact/index.html]
[acecharityafrica.org/wp-content/uploads/elementor/css/post-1643ff4.css]
[acecharityafrica.org/wp-json/wp/v2/pages/164.json]
[acecharityafrica.org/wp-json/oembed/1.0/embedd471.json]
[acecharityafrica.org/wp-json/oembed/1.0/embedd2c7]
[acecharityafrica.org/wp-content/uploads/forminator/29320_4490db4cad3cc53ab90eba3c52937388/css/style-29320df1a.css]
[acecharityafrica.org/donate/index.html]
[acecharityafrica.org/wp-content/plugins/jeg-elementor-kit/lib/jeg-framework/assets/css/jeg-dynamic-styles6f3e.css]
[acecharityafrica.org/indexe2f2.html]
[acecharityafrica.org/wp-content/plugins/jeg-elementor-kit/assets/img/letter-x.svg]
[acecharityafrica.org/wp-content/plugins/elementor/assets/lib/font-awesome/webfonts/fa-brands-400.svg]
[acecharityafrica.org/wp-content/plugins/elementor/assets/lib/font-awesome/webfonts/fa-regular-400.svg]
[acecharityafrica.org/wp-content/plugins/forminator/assets/forminator-ui/css/src/form/forminator-form-flat.pagination.min34f5.css]
[acecharityafrica.org/wp-content/plugins/elementor/assets/lib/font-awesome/webfonts/fa-solid-900.svg]
[acecharityafrica.org/wp-content/plugins/jeg-elementor-kit/assets/fonts/jkiticon/jkiticon7107.svg]
[acecharityafrica.org/wp-content/plugins/elementor/assets/lib/animations/styles/e-animation-shrink.min4a4c.css]
[acecharityafrica.org/wp-content/plugins/elementor/assets/css/widget-spacer.min4a4c.css]
[acecharityafrica.org/wp-content/uploads/2024/09/PHOTO-2024-09-12-15-01-24.jpg]
[acecharityafrica.org/wp-content/uploads/2024/09/PHOTO-2024-09-12-15-03-03.jpg]
[acecharityafrica.org/wp-content/uploads/2024/09/Background-1.png]
[acecharityafrica.org/wp-content/uploads/2024/07/school-in-a-bag.jpg]
[acecharityafrica.org/wp-content/uploads/elementor/css/post-1541807.css]
[acecharityafrica.org/wp-content/uploads/elementor/google-fonts/fonts/sairacondensed-ejrmqgerun8xuhnetx81i9tmekrnwdti0iiirw.woff2]
[acecharityafrica.org/wp-content/uploads/elementor/google-fonts/fonts/sairacondensed-ejrmqgerun8xuhnetx81i9tmekrnwdtj0iiirw.woff2]
[acecharityafrica.org/wp-content/uploads/elementor/google-fonts/fonts/sairacondensed-ejrmqgerun8xuhnetx81i9tmekrnwdth0ig.woff2]
[acecharityafrica.org/wp-content/uploads/elementor/google-fonts/fonts/sairacondensed-ejrlqgerun8xuhnetx81i9tmekrnbcpq-k2fli0.woff2]
[acecharityafrica.org/wp-content/uploads/elementor/google-fonts/fonts/sairacondensed-ejrlqgerun8xuhnetx81i9tmekrnbcpq-a2fli0.woff2]
[acecharityafrica.org/wp-content/uploads/elementor/google-fonts/fonts/sairacondensed-ejrlqgerun8xuhnetx81i9tmekrnbcpq962f.woff2]
[acecharityafrica.org/wp-content/uploads/elementor/google-fonts/fonts/sairacondensed-ejrlqgerun8xuhnetx81i9tmekrncclq-k2fli0.woff2]
[acecharityafrica.org/wp-content/uploads/elementor/google-fonts/fonts/sairacondensed-ejrlqgerun8xuhnetx81i9tmekrncclq-a2fli0.woff2]
[acecharityafrica.org/wp-content/uploads/elementor/google-fonts/fonts/sairacondensed-ejrlqgerun8xuhnetx81i9tmekrncclq962f.woff2]
[acecharityafrica.org/wp-content/uploads/elementor/google-fonts/fonts/sairacondensed-ejroqgerun8xuhnetx81i9tmekrvretfyiw.woff2]
[acecharityafrica.org/wp-content/uploads/elementor/google-fonts/fonts/sairacondensed-ejroqgerun8xuhnetx81i9tmekrvrotfyiw.woff2]
[acecharityafrica.org/wp-content/uploads/elementor/google-fonts/fonts/sairacondensed-ejroqgerun8xuhnetx81i9tmekrvoutf.woff2]
[acecharityafrica.org/wp-content/uploads/elementor/google-fonts/fonts/sairacondensed-ejrlqgerun8xuhnetx81i9tmekrnuchq-k2fli0.woff2]
[acecharityafrica.org/wp-content/uploads/elementor/google-fonts/fonts/sairacondensed-ejrlqgerun8xuhnetx81i9tmekrnuchq-a2fli0.woff2]
[acecharityafrica.org/wp-content/uploads/elementor/google-fonts/fonts/sairacondensed-ejrlqgerun8xuhnetx81i9tmekrnuchq962f.woff2]
[acecharityafrica.org/wp-content/uploads/elementor/google-fonts/fonts/sairacondensed-ejrlqgerun8xuhnetx81i9tmekrnfc9q-k2fli0.woff2]
[acecharityafrica.org/wp-content/uploads/elementor/google-fonts/fonts/sairacondensed-ejrlqgerun8xuhnetx81i9tmekrnfc9q-a2fli0.woff2]
[acecharityafrica.org/wp-content/uploads/elementor/google-fonts/fonts/sairacondensed-ejrlqgerun8xuhnetx81i9tmekrnfc9q962f.woff2]
[acecharityafrica.org/wp-content/uploads/elementor/google-fonts/fonts/sairacondensed-ejrlqgerun8xuhnetx81i9tmekrngc5q-k2fli0.woff2]
[acecharityafrica.org/wp-content/uploads/elementor/google-fonts/fonts/sairacondensed-ejrlqgerun8xuhnetx81i9tmekrngc5q-a2fli0.woff2]
[acecharityafrica.org/wp-content/uploads/elementor/google-fonts/fonts/sairacondensed-ejrlqgerun8xuhnetx81i9tmekrngc5q962f.woff2]
[acecharityafrica.org/wp-content/uploads/elementor/google-fonts/fonts/sairacondensed-ejrlqgerun8xuhnetx81i9tmekrnbc1q-k2fli0.woff2]
[acecharityafrica.org/wp-content/uploads/elementor/google-fonts/fonts/sairacondensed-ejrlqgerun8xuhnetx81i9tmekrnbc1q-a2fli0.woff2]
[acecharityafrica.org/wp-content/uploads/elementor/google-fonts/fonts/sairacondensed-ejrlqgerun8xuhnetx81i9tmekrnbc1q962f.woff2]
[acecharityafrica.org/wp-content/uploads/elementor/google-fonts/fonts/sairacondensed-ejrlqgerun8xuhnetx81i9tmekrnicxq-k2fli0.woff2]
[acecharityafrica.org/wp-content/uploads/elementor/google-fonts/fonts/sairacondensed-ejrlqgerun8xuhnetx81i9tmekrnicxq-a2fli0.woff2]
[acecharityafrica.org/wp-content/uploads/elementor/google-fonts/fonts/sairacondensed-ejrlqgerun8xuhnetx81i9tmekrnicxq962f.woff2]
[acecharityafrica.org/wp-content/uploads/elementor/google-fonts/css/sairacondensed2fd7.css]
[acecharityafrica.org/wp-content/uploads/2024/09/Group-3.png]
[acecharityafrica.org/wp-content/uploads/elementor/css/post-177ed27.css]
[acecharityafrica.org/wp-content/uploads/2024/07/800by600.jpg]
[acecharityafrica.org/wp-content/uploads/elementor/css/post-160840f.css]
[acecharityafrica.org/wp-content/uploads/2024/07/ACE-Charity-Africa-Radio-School-1.jpg]
[acecharityafrica.org/wp-content/uploads/elementor/css/post-184be04.css]
[acecharityafrica.org/wp-content/uploads/2024/09/Background-2.png]
[acecharityafrica.org/wp-content/uploads/elementor/css/post-18724c7.css]
[acecharityafrica.org/wp-content/plugins/elementor/assets/css/widget-video.min4a4c.css]
[acecharityafrica.org/wp-content/uploads/2024/09/avenir_roman_12.woff]
[acecharityafrica.org/wp-content/uploads/elementor/css/post-189724a.css]
[acecharityafrica.org/wp-content/uploads/2024/09/Conect-us.png]
[acecharityafrica.org/wp-content/uploads/2024/09/BackgroundBorder.png]
[acecharityafrica.org/wp-content/uploads/elementor/css/post-19101be.css]
[acecharityafrica.org/wp-content/uploads/2024/09/Research-and-Advocacy-SSK-2251.jpg]
[acecharityafrica.org/wp-content/uploads/elementor/css/post-193b604.css]
[acecharityafrica.org/wp-content/uploads/elementor/css/post-30065a94f.css]
[acecharityafrica.org/wp-content/uploads/elementor/css/post-1622a90.css]
[acecharityafrica.org/wp-content/uploads/forminator/589_2ab9904461ac6d81704d56b512e3aec8/css/style-589cba0.css]
[acecharityafrica.org/wp-content/plugins/forminator/assets/forminator-ui/fonts/forminator-icons-font8782.eot]
[acecharityafrica.org/wp-content/plugins/forminator/assets/forminator-ui/fonts/forminator-icons-font8782.woff2]
[acecharityafrica.org/wp-content/plugins/forminator/assets/forminator-ui/fonts/forminator-icons-font8782.woff]
[acecharityafrica.org/wp-content/plugins/forminator/assets/forminator-ui/fonts/forminator-icons-font8782.ttf]
[acecharityafrica.org/wp-content/plugins/forminator/assets/forminator-ui/css/forminator-icons.min34f5.css]
[acecharityafrica.org/wp-content/plugins/forminator/assets/forminator-ui/css/src/forminator-utilities.min34f5.css]
[acecharityafrica.org/wp-content/plugins/forminator/assets/forminator-ui/css/src/grid/forminator-grid.open.min34f5.css]
[acecharityafrica.org/wp-content/plugins/forminator/assets/forminator-ui/css/src/form/forminator-form-flat.base.min34f5.css]
[acecharityafrica.org/wp-content/plugins/forminator/assets/forminator-ui/css/src/form/forminator-form-flat.select2.min34f5.css]
[acecharityafrica.org/wp-content/plugins/forminator/assets/forminator-ui/css/src/form/forminator-form-flat.full.min34f5.css]
[acecharityafrica.org/wp-includes/css/buttons.min5ac5.css]
[acecharityafrica.org/wp-content/plugins/elementor-pro/assets/css/widget-posts.min790a.css]
[acecharityafrica.org/wp-content/plugins/elementor/assets/css/widget-divider.min4a4c.css]
[acecharityafrica.org/wp-content/uploads/elementor/css/post-16623ee.css]
[acecharityafrica.org/wp-content/plugins/forminator/assets/forminator-ui/fonts/forminator-icons-font8782.svg]
[acecharityafrica.org/wp-content/uploads/elementor/css/post-20834a8.css]
[acecharityafrica.org/wp-json/wp/v2/pages/208.json]
[acecharityafrica.org/wp-json/oembed/1.0/embedcbaf.json]
[acecharityafrica.org/wp-json/oembed/1.0/embed117d]
[acecharityafrica.org/wp-content/uploads/2021/06/Screen-Shot-2022-01-06-at-3.28.26-PM.png]
[acecharityafrica.org/publications/annual-reports/index.html]
[acecharityafrica.org/2019/04/26/kayodes-interview/index.html]
[acecharityafrica.org/2018/09/22/girls-who-code/index.html]
[acecharityafrica.org/2018/09/22/bepw/index.html]
[acecharityafrica.org/wp-content/uploads/elementor/css/post-28088291e.css]
[acecharityafrica.org/wp-content/uploads/elementor/css/post-28422b028.css]
[acecharityafrica.org/2018/09/22/school-in-a-bag/index.html]
[acecharityafrica.org/2021/06/23/2020-fact-sheet/feed/index.html]
[acecharityafrica.org/2018/09/22/soap-for-hope/index.html]
[acecharityafrica.org/wp-json/wp/v2/posts/28088.json]
[acecharityafrica.org/wp-json/oembed/1.0/embed73d2.json]
[acecharityafrica.org/wp-json/oembed/1.0/embed4a77]
[acecharityafrica.org/2021/06/23/2020-fact-sheet/index.html]
[acecharityafrica.org/wp-content/plugins/pdf-viewer-for-elementor/assets/pdfjs/web/viewer1810.html]
[acecharityafrica.org/wp-content/uploads/elementor/css/post-287887c48.css]
[acecharityafrica.org/2022/12/19/transforming-girl-child-education-through-gender-mainstreaming-in-education-budgets/feed/index.html]
[acecharityafrica.org/wp-json/wp/v2/posts/28788.json]
[acecharityafrica.org/wp-json/oembed/1.0/embed9361.json]
[acecharityafrica.org/wp-json/oembed/1.0/embed7f07]
[acecharityafrica.org/2022/12/19/transforming-girl-child-education-through-gender-mainstreaming-in-education-budgets/index.html]
[acecharityafrica.org/wp-content/plugins/pdf-viewer-for-elementor/assets/pdfjs/web/viewera839.html]
[acecharityafrica.org/wp-includes/css/dist/block-library/style.min5ac5.css]
[acecharityafrica.org/2022/12/19/inclusive-learning-for-children-in-northeast-nigeria-radio-school-response-during-a-global-pandemic-2/feed/index.html]
[acecharityafrica.org/wp-json/wp/v2/posts/29043.json]
[acecharityafrica.org/wp-json/oembed/1.0/embed9e8b.json]
[acecharityafrica.org/2022/12/19/inclusive-learning-for-children-in-northeast-nigeria-radio-school-response-during-a-global-pandemic-2/index.html]
[acecharityafrica.org/wp-json/oembed/1.0/embeda7f9]
[acecharityafrica.org/wp-json/wp/v2/posts/30365.json]
[acecharityafrica.org/2025/07/31/from-intern-to-industry-professional/feed/index.html]
[acecharityafrica.org/wp-json/oembed/1.0/embed72f0.json]
[acecharityafrica.org/wp-json/oembed/1.0/embed3cbf]
[acecharityafrica.org/wp-content/uploads/2025/07/IMG_1423-1024x400.jpg]
[acecharityafrica.org/wp-content/uploads/2025/07/IMG_1424-1024x646.jpg]
[acecharityafrica.org/wp-content/uploads/2025/07/IMG_1425-1024x698.jpg]
[acecharityafrica.org/wp-content/uploads/2025/07/IMG_1426-1024x686.jpg]
[acecharityafrica.org/2025/07/31/from-intern-to-industry-professional/index.html]
[acecharityafrica.org/wp-content/uploads/elementor/css/post-2042b9e.css]
[acecharityafrica.org/wp-json/wp/v2/posts/30294.json]
[acecharityafrica.org/2024/06/28/radio-as-a-tool-for-alternative-education-in-nigeria/feed/index.html]
[acecharityafrica.org/wp-json/oembed/1.0/embedf348.json]
[acecharityafrica.org/wp-json/oembed/1.0/embed6be0]
[acecharityafrica.org/wp-content/uploads/2024/09/Radio-as-a-Tool-for-Alternative-Education-in-Nigeria-2.pdf]
[acecharityafrica.org/wp-includes/js/dist/script-modules/block-library/file/view.min7352.js]
[acecharityafrica.org/2024/06/28/radio-as-a-tool-for-alternative-education-in-nigeria/index.html]
[acecharityafrica.org/wp-includes/js/dist/script-modules/interactivity/index.min1c7d.js]
[acecharityafrica.org/wp-content/uploads/elementor/css/post-2875134a8.css]
[acecharityafrica.org/2022/08/29/innovative-learning-the-future-of-education-in-africa/feed/index.html]
[acecharityafrica.org/wp-json/wp/v2/posts/28751.json]
[acecharityafrica.org/wp-json/oembed/1.0/embed51f4.json]
[acecharityafrica.org/wp-json/oembed/1.0/embed5ab1]
[acecharityafrica.org/2022/08/29/innovative-learning-the-future-of-education-in-africa/index.html]
[acecharityafrica.org/wp-content/plugins/pdf-viewer-for-elementor/assets/pdfjs/web/viewer2956.html]
[acecharityafrica.org/wp-content/uploads/elementor/css/post-28736169f.css]
[acecharityafrica.org/2022/07/20/three-reasons-ace-radio-school-works/feed/index.html]
[acecharityafrica.org/wp-json/wp/v2/posts/28736.json]
[acecharityafrica.org/wp-json/oembed/1.0/embed0a37.json]
[acecharityafrica.org/wp-json/oembed/1.0/embed10b5]
[acecharityafrica.org/2022/07/20/three-reasons-ace-radio-school-works/index.html]
[acecharityafrica.org/wp-content/plugins/pdf-viewer-for-elementor/assets/pdfjs/web/viewerb557.html]
[acecharityafrica.org/wp-content/uploads/elementor/css/post-286852a90.css]
[acecharityafrica.org/2022/03/10/a-new-beginning-for-rural-women-in-nigeria/feed/index.html]
[acecharityafrica.org/wp-json/wp/v2/posts/28685.json]
[acecharityafrica.org/wp-json/oembed/1.0/embed442f.json]
[acecharityafrica.org/wp-json/oembed/1.0/embeddbae]
[acecharityafrica.org/2022/03/10/a-new-beginning-for-rural-women-in-nigeria/index.html]
[acecharityafrica.org/wp-content/plugins/pdf-viewer-for-elementor/assets/pdfjs/web/viewerc86d.html]
[acecharityafrica.org/wp-content/uploads/elementor/css/post-2835334a8.css]
[acecharityafrica.org/2021/11/22/public-school-pupils-in-nigerian-schools-are-behind-on-21st-century-skills-risk-and-solutions/feed/index.html]
[acecharityafrica.org/wp-json/wp/v2/posts/28353.json]
[acecharityafrica.org/wp-json/oembed/1.0/embedae29.json]
[acecharityafrica.org/wp-json/oembed/1.0/embedd22a]
[acecharityafrica.org/2021/11/22/public-school-pupils-in-nigerian-schools-are-behind-on-21st-century-skills-risk-and-solutions/index.html]
[acecharityafrica.org/wp-content/plugins/pdf-viewer-for-elementor/assets/pdfjs/web/viewerba9a.html]
[acecharityafrica.org/wp-content/uploads/elementor/css/post-27730a94f.css]
[acecharityafrica.org/2021/04/07/why-there-is-a-high-level-of-receptiveness-to-radio-as-an-alternative-form-of-education-among-northerners-in-nigeria/feed/index.html]
[acecharityafrica.org/wp-json/wp/v2/posts/27730.json]
[acecharityafrica.org/wp-json/oembed/1.0/embedabea.json]
[acecharityafrica.org/wp-json/oembed/1.0/embedd991]
[acecharityafrica.org/2021/04/07/why-there-is-a-high-level-of-receptiveness-to-radio-as-an-alternative-form-of-education-among-northerners-in-nigeria/index.html]
[acecharityafrica.org/wp-content/plugins/pdf-viewer-for-elementor/assets/pdfjs/web/viewer32ce.html]
[acecharityafrica.org/wp-content/uploads/elementor/css/post-26659724a.css]
[acecharityafrica.org/2020/06/08/ace-radio-school-supports-education-in-northern-nigeria-during-covid-19/feed/index.html]
[acecharityafrica.org/wp-json/wp/v2/posts/26659.json]
[acecharityafrica.org/wp-json/oembed/1.0/embed68ef.json]
[acecharityafrica.org/wp-json/oembed/1.0/embeda7b1]
[acecharityafrica.org/2020/06/08/ace-radio-school-supports-education-in-northern-nigeria-during-covid-19/index.html]
[acecharityafrica.org/wp-content/plugins/pdf-viewer-for-elementor/assets/pdfjs/web/viewer61d7.html]
[acecharityafrica.org/2019/11/15/what-does-it-truly-mean-to-be-fulfilled/feed/index.html]
[acecharityafrica.org/wp-json/wp/v2/posts/20267.json]
[acecharityafrica.org/wp-json/oembed/1.0/embedea4e.json]
[acecharityafrica.org/2019/11/15/what-does-it-truly-mean-to-be-fulfilled/index.html]
[acecharityafrica.org/wp-content/uploads/elementor/css/post-20623ee.css]
[acecharityafrica.org/wp-json/oembed/1.0/embed469b]
[acecharityafrica.org/2022/12/19/underserved-yet-undeterred-exploring-perspectives-of-out-of-school-boys-in-northern-nigeria/feed/index.html]
[acecharityafrica.org/wp-json/wp/v2/posts/28809.json]
[acecharityafrica.org/wp-json/oembed/1.0/embedb96b.json]
[acecharityafrica.org/2022/12/19/underserved-yet-undeterred-exploring-perspectives-of-out-of-school-boys-in-northern-nigeria/index.html]
[acecharityafrica.org/wp-json/oembed/1.0/embed7291]
[acecharityafrica.org/wp-json/wp/v2/posts/28799.json]
[acecharityafrica.org/2022/12/19/not-left-behind-perspectives-from-out-of-school-girls-in-northern-nigeria/feed/index.html]
[acecharityafrica.org/wp-json/oembed/1.0/embed8563.json]
[acecharityafrica.org/2022/12/19/not-left-behind-perspectives-from-out-of-school-girls-in-northern-nigeria/index.html]
[acecharityafrica.org/wp-json/oembed/1.0/embedbc5e]
[acecharityafrica.org/wp-content/uploads/elementor/css/post-27831a1a1.css]
[acecharityafrica.org/2021/04/19/the-ontology-of-the-girl-child-in-relation-to-education-and-culture/feed/index.html]
[acecharityafrica.org/wp-json/wp/v2/posts/27831.json]
[acecharityafrica.org/wp-json/oembed/1.0/embed3dac.json]
[acecharityafrica.org/wp-json/oembed/1.0/embeddaed]
[acecharityafrica.org/2021/04/19/the-ontology-of-the-girl-child-in-relation-to-education-and-culture/index.html]
[acecharityafrica.org/wp-content/uploads/elementor/css/post-2100aa9.css]
[acecharityafrica.org/wp-content/plugins/pdf-viewer-for-elementor/assets/pdfjs/web/viewer171b.html]
[acecharityafrica.org/wp-content/uploads/elementor/css/post-28080c127.css]
[acecharityafrica.org/2020/10/23/policy-brief-girl-child-education-in-adamawa-state/feed/index.html]
[acecharityafrica.org/wp-json/wp/v2/posts/28080.json]
[acecharityafrica.org/wp-json/oembed/1.0/embeddf24.json]
[acecharityafrica.org/wp-json/oembed/1.0/embeda4bd]
[acecharityafrica.org/2020/10/23/policy-brief-girl-child-education-in-adamawa-state/index.html]
[acecharityafrica.org/wp-content/plugins/pdf-viewer-for-elementor/assets/pdfjs/web/viewerb9e0.html]
[acecharityafrica.org/wp-content/uploads/elementor/css/post-2513934a8.css]
[acecharityafrica.org/2020/03/03/2020-fact-sheet-reforming-basic-education-in-nigeria/feed/index.html]
[acecharityafrica.org/wp-json/wp/v2/posts/25139.json]
[acecharityafrica.org/wp-json/oembed/1.0/embed113f.json]
[acecharityafrica.org/wp-json/oembed/1.0/embeda6ee]
[acecharityafrica.org/2020/03/03/2020-fact-sheet-reforming-basic-education-in-nigeria/index.html]
[acecharityafrica.org/wp-content/plugins/pdf-viewer-for-elementor/assets/pdfjs/web/viewer9861.html]
[acecharityafrica.org/2019/01/11/policy-brief-girl-child-education-in-borno-state/feed/index.html]
[acecharityafrica.org/wp-json/wp/v2/posts/15742.json]
[acecharityafrica.org/wp-json/oembed/1.0/embed0264.json]
[acecharityafrica.org/wp-json/oembed/1.0/embedd015]
[acecharityafrica.org/2019/01/11/policy-brief-girl-child-education-in-borno-state/index.html]
[acecharityafrica.org/wp-content/plugins/pdf-viewer-for-elementor/assets/pdfjs/web/viewer355f.html]
[acecharityafrica.org/2018/07/09/policy-brief-girl-child-education-in-kano/feed/index.html]
[acecharityafrica.org/wp-json/wp/v2/posts/14573.json]
[acecharityafrica.org/wp-json/oembed/1.0/embed9a13.json]
[acecharityafrica.org/wp-json/oembed/1.0/embed3239]
[acecharityafrica.org/2018/07/09/policy-brief-girl-child-education-in-kano/index.html]
[acecharityafrica.org/wp-content/uploads/elementor/css/post-1688ce3.css]
[acecharityafrica.org/cdn-cgi/l/email-protection.html]
[acecharityafrica.org/wp-content/uploads/forminator/595_c9b5600764c5d642562fe23b6b962f9f/css/style-595d2fd.css]
[acecharityafrica.org/wp-content/plugins/pdf-viewer-for-elementor/assets/pdfjs/web/viewer34f9.html]
[acecharityafrica.org/wp-content/plugins/forminator/assets/img/flags.webp]
[acecharityafrica.org/wp-content/plugins/forminator/assets/img/flags@2x.webp]
[acecharityafrica.org/wp-content/plugins/forminator/assets/img/globe.webp]
[acecharityafrica.org/wp-content/plugins/forminator/assets/img/globe@2x.webp]
[acecharityafrica.org/wp-content/plugins/forminator/assets/css/intlTelInput.minfa0c.css]
[acecharityafrica.org/wp-content/uploads/elementor/css/post-1643ff4.css]
[acecharityafrica.org/wp-content/uploads/forminator/29320_4490db4cad3cc53ab90eba3c52937388/css/style-29320df1a.css]
[acecharityafrica.org/wp-content/plugins/forminator/assets/forminator-ui/css/src/form/forminator-form-flat.pagination.min34f5.css]
[acecharityafrica.org/wp-content/plugins/forminator/assets/forminator-ui/fonts/forminator-icons-font8782.svg]
[acecharityafrica.org/wp-content/uploads/elementor/css/post-20834a8.css]
[acecharityafrica.org/2019/04/26/kayodes-interview/feed/index.html]
[acecharityafrica.org/wp-json/wp/v2/posts/16196.json]
[acecharityafrica.org/wp-json/oembed/1.0/embed6a49.json]
[acecharityafrica.org/wp-json/oembed/1.0/embed73b1]
[acecharityafrica.org/wp-content/uploads/2019/04/IMG_3314-300x225.jpg]
[acecharityafrica.org/2019/04/26/kayodes-interview/index.html]
[acecharityafrica.org/wp-json/wp/v2/posts/15023.json]
[acecharityafrica.org/wp-json/oembed/1.0/embed87ae.json]
[acecharityafrica.org/2018/09/22/girls-who-code/index.html]
[acecharityafrica.org/wp-json/oembed/1.0/embed02c2]
[acecharityafrica.org/wp-json/wp/v2/posts/15016.json]
[acecharityafrica.org/2018/09/22/bepw/feed/index.html]
[acecharityafrica.org/wp-json/oembed/1.0/embedbd66.json]
[acecharityafrica.org/2018/09/22/bepw/index.html]
[acecharityafrica.org/wp-json/oembed/1.0/embed5729]
[acecharityafrica.org/wp-json/wp/v2/posts/15005.json]
[acecharityafrica.org/2018/09/22/school-in-a-bag/feed/index.html]
[acecharityafrica.org/wp-json/oembed/1.0/embed10fa.json]
[acecharityafrica.org/2018/09/22/school-in-a-bag/index.html]
[acecharityafrica.org/wp-json/oembed/1.0/embed6c51]
[acecharityafrica.org/2018/09/22/soap-for-hope/feed/index.html]
[acecharityafrica.org/wp-json/wp/v2/posts/14992.json]
[acecharityafrica.org/wp-json/oembed/1.0/embed9d79.json]
[acecharityafrica.org/2018/09/22/soap-for-hope/index.html]
[acecharityafrica.org/wp-content/uploads/elementor/css/post-28088291e.css]
[acecharityafrica.org/wp-content/uploads/elementor/css/post-28422b028.css]
[acecharityafrica.org/wp-json/oembed/1.0/embedd606]
[acecharityafrica.org/wp-content/plugins/pdf-viewer-for-elementor/assets/pdfjs/web/viewer.css]
[acecharityafrica.org/wp-content/plugins/pdf-viewer-for-elementor/assets/pdfjs/build/pdf.js]
[acecharityafrica.org/wp-content/plugins/pdf-viewer-for-elementor/assets/pdfjs/web/viewer1810.html]
[acecharityafrica.org/wp-content/uploads/elementor/css/post-287887c48.css]
[acecharityafrica.org/wp-content/plugins/pdf-viewer-for-elementor/assets/pdfjs/web/viewera839.html]
[acecharityafrica.org/wp-includes/css/dist/block-library/style.min5ac5.css]
[acecharityafrica.org/wp-content/uploads/elementor/css/post-2875134a8.css]
[acecharityafrica.org/wp-content/plugins/pdf-viewer-for-elementor/assets/pdfjs/web/viewer2956.html]
[acecharityafrica.org/wp-content/uploads/elementor/css/post-28736169f.css]
[acecharityafrica.org/wp-content/plugins/pdf-viewer-for-elementor/assets/pdfjs/web/viewerb557.html]
[acecharityafrica.org/wp-content/uploads/elementor/css/post-286852a90.css]
[acecharityafrica.org/wp-content/plugins/pdf-viewer-for-elementor/assets/pdfjs/web/viewerc86d.html]
[acecharityafrica.org/wp-content/uploads/elementor/css/post-2835334a8.css]
[acecharityafrica.org/wp-content/plugins/pdf-viewer-for-elementor/assets/pdfjs/web/viewerba9a.html]
[acecharityafrica.org/wp-content/uploads/elementor/css/post-27730a94f.css]
[acecharityafrica.org/wp-content/plugins/pdf-viewer-for-elementor/assets/pdfjs/web/viewer32ce.html]
[acecharityafrica.org/wp-content/uploads/elementor/css/post-26659724a.css]
[acecharityafrica.org/wp-content/plugins/pdf-viewer-for-elementor/assets/pdfjs/web/viewer61d7.html]
[acecharityafrica.org/wp-content/uploads/elementor/css/post-27831a1a1.css]
[acecharityafrica.org/wp-content/plugins/pdf-viewer-for-elementor/assets/pdfjs/web/viewer171b.html]
[acecharityafrica.org/wp-content/uploads/elementor/css/post-28080c127.css]
[acecharityafrica.org/wp-content/plugins/pdf-viewer-for-elementor/assets/pdfjs/web/viewerb9e0.html]
[acecharityafrica.org/wp-content/uploads/elementor/css/post-2513934a8.css]
[acecharityafrica.org/wp-content/plugins/pdf-viewer-for-elementor/assets/pdfjs/web/viewer9861.html]
[acecharityafrica.org/wp-content/plugins/pdf-viewer-for-elementor/assets/pdfjs/web/viewer355f.html]
[acecharityafrica.org/wp-content/plugins/pdf-viewer-for-elementor/assets/pdfjs/web/viewer34f9.html]
[acecharityafrica.org/wp-content/uploads/2019/04/IMG_3314-300x225.html]
[acecharityafrica.org/wp-content/plugins/pdf-viewer-for-elementor/assets/pdfjs/web/viewer.js]
[acecharityafrica.org/wp-content/plugins/pdf-viewer-for-elementor/assets/pdfjs/web/images/shadow.png]
[acecharityafrica.org/wp-content/plugins/pdf-viewer-for-elementor/assets/pdfjs/web/images/loading-icon.gif]
[acecharityafrica.org/wp-content/plugins/pdf-viewer-for-elementor/assets/pdfjs/web/images/texture.png]
[acecharityafrica.org/wp-content/plugins/pdf-viewer-for-elementor/assets/pdfjs/web/images/loading-small.png]
[acecharityafrica.org/wp-content/plugins/pdf-viewer-for-elementor/assets/pdfjs/web/images/toolbarButton-menuArrows.png]
[acecharityafrica.org/wp-content/plugins/pdf-viewer-for-elementor/assets/pdfjs/web/images/toolbarButton-sidebarToggle.png]
[acecharityafrica.org/wp-content/plugins/pdf-viewer-for-elementor/assets/pdfjs/web/images/toolbarButton-sidebarToggle-rtl.png]
[acecharityafrica.org/wp-content/plugins/pdf-viewer-for-elementor/assets/pdfjs/web/images/toolbarButton-secondaryToolbarToggle.png]
[acecharityafrica.org/wp-content/plugins/pdf-viewer-for-elementor/assets/pdfjs/web/images/toolbarButton-secondaryToolbarToggle-rtl.png]
[acecharityafrica.org/wp-content/plugins/pdf-viewer-for-elementor/assets/pdfjs/web/images/findbarButton-previous.png]
[acecharityafrica.org/wp-content/plugins/pdf-viewer-for-elementor/assets/pdfjs/web/images/findbarButton-previous-rtl.png]
[acecharityafrica.org/wp-content/plugins/pdf-viewer-for-elementor/assets/pdfjs/web/images/findbarButton-next.png]
[acecharityafrica.org/wp-content/plugins/pdf-viewer-for-elementor/assets/pdfjs/web/images/findbarButton-next-rtl.png]
[acecharityafrica.org/wp-content/plugins/pdf-viewer-for-elementor/assets/pdfjs/web/images/toolbarButton-pageUp.png]
[acecharityafrica.org/wp-content/plugins/pdf-viewer-for-elementor/assets/pdfjs/web/images/toolbarButton-pageUp-rtl.png]
[acecharityafrica.org/wp-content/plugins/pdf-viewer-for-elementor/assets/pdfjs/web/images/toolbarButton-pageDown.png]
[acecharityafrica.org/wp-content/plugins/pdf-viewer-for-elementor/assets/pdfjs/web/images/toolbarButton-pageDown-rtl.png]
[acecharityafrica.org/wp-content/plugins/pdf-viewer-for-elementor/assets/pdfjs/web/images/toolbarButton-zoomOut.png]
[acecharityafrica.org/wp-content/plugins/pdf-viewer-for-elementor/assets/pdfjs/web/images/toolbarButton-zoomIn.png]
[acecharityafrica.org/wp-content/plugins/pdf-viewer-for-elementor/assets/pdfjs/web/images/toolbarButton-presentationMode.png]
[acecharityafrica.org/wp-content/plugins/pdf-viewer-for-elementor/assets/pdfjs/web/images/toolbarButton-print.png]
[acecharityafrica.org/wp-content/plugins/pdf-viewer-for-elementor/assets/pdfjs/web/images/toolbarButton-openFile.png]
[acecharityafrica.org/wp-content/plugins/pdf-viewer-for-elementor/assets/pdfjs/web/images/toolbarButton-download.png]
[acecharityafrica.org/wp-content/plugins/pdf-viewer-for-elementor/assets/pdfjs/web/images/toolbarButton-bookmark.png]
[acecharityafrica.org/wp-content/plugins/pdf-viewer-for-elementor/assets/pdfjs/web/images/toolbarButton-viewThumbnail.png]
[acecharityafrica.org/wp-content/plugins/pdf-viewer-for-elementor/assets/pdfjs/web/images/toolbarButton-viewOutline.png]
[acecharityafrica.org/wp-content/plugins/pdf-viewer-for-elementor/assets/pdfjs/web/images/toolbarButton-viewOutline-rtl.png]
[acecharityafrica.org/wp-content/plugins/pdf-viewer-for-elementor/assets/pdfjs/web/images/toolbarButton-viewAttachments.png]
[acecharityafrica.org/wp-content/plugins/pdf-viewer-for-elementor/assets/pdfjs/web/images/toolbarButton-search.png]
[acecharityafrica.org/wp-content/plugins/pdf-viewer-for-elementor/assets/pdfjs/web/images/secondaryToolbarButton-firstPage.png]
[acecharityafrica.org/wp-content/plugins/pdf-viewer-for-elementor/assets/pdfjs/web/images/secondaryToolbarButton-lastPage.png]
[acecharityafrica.org/wp-content/plugins/pdf-viewer-for-elementor/assets/pdfjs/web/images/secondaryToolbarButton-rotateCcw.png]
[acecharityafrica.org/wp-content/plugins/pdf-viewer-for-elementor/assets/pdfjs/web/images/secondaryToolbarButton-rotateCw.png]
[acecharityafrica.org/wp-content/plugins/pdf-viewer-for-elementor/assets/pdfjs/web/images/secondaryToolbarButton-selectTool.png]
[acecharityafrica.org/wp-content/plugins/pdf-viewer-for-elementor/assets/pdfjs/web/images/secondaryToolbarButton-handTool.png]
[acecharityafrica.org/wp-content/plugins/pdf-viewer-for-elementor/assets/pdfjs/web/images/secondaryToolbarButton-scrollVertical.png]
[acecharityafrica.org/wp-content/plugins/pdf-viewer-for-elementor/assets/pdfjs/web/images/secondaryToolbarButton-scrollHorizontal.png]
[acecharityafrica.org/wp-content/plugins/pdf-viewer-for-elementor/assets/pdfjs/web/images/secondaryToolbarButton-scrollWrapped.png]
[acecharityafrica.org/wp-content/plugins/pdf-viewer-for-elementor/assets/pdfjs/web/images/secondaryToolbarButton-spreadNone.png]
[acecharityafrica.org/wp-content/plugins/pdf-viewer-for-elementor/assets/pdfjs/web/images/secondaryToolbarButton-spreadOdd.png]
[acecharityafrica.org/wp-content/plugins/pdf-viewer-for-elementor/assets/pdfjs/web/images/secondaryToolbarButton-spreadEven.png]
[acecharityafrica.org/wp-content/plugins/pdf-viewer-for-elementor/assets/pdfjs/web/images/secondaryToolbarButton-documentProperties.png]
[acecharityafrica.org/wp-content/plugins/pdf-viewer-for-elementor/assets/pdfjs/web/images/treeitem-expanded.png]
[acecharityafrica.org/wp-content/plugins/pdf-viewer-for-elementor/assets/pdfjs/web/images/treeitem-collapsed.png]
[acecharityafrica.org/wp-content/plugins/pdf-viewer-for-elementor/assets/pdfjs/web/images/treeitem-collapsed-rtl.png]
[acecharityafrica.org/wp-content/plugins/pdf-viewer-for-elementor/assets/pdfjs/web/images/loading-small@2x.png]
[acecharityafrica.org/wp-content/plugins/pdf-viewer-for-elementor/assets/pdfjs/web/images/toolbarButton-menuArrows@2x.png]
[acecharityafrica.org/wp-content/plugins/pdf-viewer-for-elementor/assets/pdfjs/web/images/toolbarButton-sidebarToggle@2x.png]
[acecharityafrica.org/wp-content/plugins/pdf-viewer-for-elementor/assets/pdfjs/web/images/toolbarButton-sidebarToggle-rtl@2x.png]
[acecharityafrica.org/wp-content/plugins/pdf-viewer-for-elementor/assets/pdfjs/web/images/toolbarButton-secondaryToolbarToggle@2x.png]
[acecharityafrica.org/wp-content/plugins/pdf-viewer-for-elementor/assets/pdfjs/web/images/toolbarButton-secondaryToolbarToggle-rtl@2x.png]
[acecharityafrica.org/wp-content/plugins/pdf-viewer-for-elementor/assets/pdfjs/web/images/findbarButton-previous@2x.png]
[acecharityafrica.org/wp-content/plugins/pdf-viewer-for-elementor/assets/pdfjs/web/images/findbarButton-previous-rtl@2x.png]
[acecharityafrica.org/wp-content/plugins/pdf-viewer-for-elementor/assets/pdfjs/web/images/findbarButton-next@2x.png]
[acecharityafrica.org/wp-content/plugins/pdf-viewer-for-elementor/assets/pdfjs/web/images/findbarButton-next-rtl@2x.png]
[acecharityafrica.org/wp-content/plugins/pdf-viewer-for-elementor/assets/pdfjs/web/images/toolbarButton-pageUp@2x.png]
[acecharityafrica.org/wp-content/plugins/pdf-viewer-for-elementor/assets/pdfjs/web/images/toolbarButton-pageUp-rtl@2x.png]
[acecharityafrica.org/wp-content/plugins/pdf-viewer-for-elementor/assets/pdfjs/web/images/toolbarButton-pageDown@2x.png]
[acecharityafrica.org/wp-content/plugins/pdf-viewer-for-elementor/assets/pdfjs/web/images/toolbarButton-pageDown-rtl@2x.png]
[acecharityafrica.org/wp-content/plugins/pdf-viewer-for-elementor/assets/pdfjs/web/images/toolbarButton-zoomIn@2x.png]
[acecharityafrica.org/wp-content/plugins/pdf-viewer-for-elementor/assets/pdfjs/web/images/toolbarButton-zoomOut@2x.png]
[acecharityafrica.org/wp-content/plugins/pdf-viewer-for-elementor/assets/pdfjs/web/images/toolbarButton-presentationMode@2x.png]
[acecharityafrica.org/wp-content/plugins/pdf-viewer-for-elementor/assets/pdfjs/web/images/toolbarButton-print@2x.png]
[acecharityafrica.org/wp-content/plugins/pdf-viewer-for-elementor/assets/pdfjs/web/images/toolbarButton-openFile@2x.png]
[acecharityafrica.org/wp-content/plugins/pdf-viewer-for-elementor/assets/pdfjs/web/images/toolbarButton-download@2x.png]
[acecharityafrica.org/wp-content/plugins/pdf-viewer-for-elementor/assets/pdfjs/web/images/toolbarButton-bookmark@2x.png]
[acecharityafrica.org/wp-content/plugins/pdf-viewer-for-elementor/assets/pdfjs/web/images/toolbarButton-viewThumbnail@2x.png]
[acecharityafrica.org/wp-content/plugins/pdf-viewer-for-elementor/assets/pdfjs/web/images/toolbarButton-viewOutline@2x.png]
[acecharityafrica.org/wp-content/plugins/pdf-viewer-for-elementor/assets/pdfjs/web/images/toolbarButton-viewOutline-rtl@2x.png]
[acecharityafrica.org/wp-content/plugins/pdf-viewer-for-elementor/assets/pdfjs/web/images/toolbarButton-viewAttachments@2x.png]
[acecharityafrica.org/wp-content/plugins/pdf-viewer-for-elementor/assets/pdfjs/web/images/toolbarButton-search@2x.png]
[acecharityafrica.org/wp-content/plugins/pdf-viewer-for-elementor/assets/pdfjs/web/images/secondaryToolbarButton-firstPage@2x.png]
[acecharityafrica.org/wp-content/plugins/pdf-viewer-for-elementor/assets/pdfjs/web/images/secondaryToolbarButton-lastPage@2x.png]
[acecharityafrica.org/wp-content/plugins/pdf-viewer-for-elementor/assets/pdfjs/web/images/secondaryToolbarButton-rotateCcw@2x.png]
[acecharityafrica.org/wp-content/plugins/pdf-viewer-for-elementor/assets/pdfjs/web/images/secondaryToolbarButton-rotateCw@2x.png]
[acecharityafrica.org/wp-content/plugins/pdf-viewer-for-elementor/assets/pdfjs/web/images/secondaryToolbarButton-selectTool@2x.png]
[acecharityafrica.org/wp-content/plugins/pdf-viewer-for-elementor/assets/pdfjs/web/images/secondaryToolbarButton-handTool@2x.png]
[acecharityafrica.org/wp-content/plugins/pdf-viewer-for-elementor/assets/pdfjs/web/images/secondaryToolbarButton-scrollVertical@2x.png]
[acecharityafrica.org/wp-content/plugins/pdf-viewer-for-elementor/assets/pdfjs/web/images/secondaryToolbarButton-scrollHorizontal@2x.png]
[acecharityafrica.org/wp-content/plugins/pdf-viewer-for-elementor/assets/pdfjs/web/images/secondaryToolbarButton-scrollWrapped@2x.png]
[acecharityafrica.org/wp-content/plugins/pdf-viewer-for-elementor/assets/pdfjs/web/images/secondaryToolbarButton-spreadNone@2x.png]
[acecharityafrica.org/wp-content/plugins/pdf-viewer-for-elementor/assets/pdfjs/web/images/secondaryToolbarButton-spreadOdd@2x.png]
[acecharityafrica.org/wp-content/plugins/pdf-viewer-for-elementor/assets/pdfjs/web/images/secondaryToolbarButton-spreadEven@2x.png]
[acecharityafrica.org/wp-content/plugins/pdf-viewer-for-elementor/assets/pdfjs/web/images/secondaryToolbarButton-documentProperties@2x.png]
[acecharityafrica.org/wp-content/plugins/pdf-viewer-for-elementor/assets/pdfjs/web/images/treeitem-expanded@2x.png]
[acecharityafrica.org/wp-content/plugins/pdf-viewer-for-elementor/assets/pdfjs/web/images/treeitem-collapsed@2x.png]
[acecharityafrica.org/wp-content/plugins/pdf-viewer-for-elementor/assets/pdfjs/web/images/treeitem-collapsed-rtl@2x.png]
[acecharityafrica.org/wp-content/plugins/pdf-viewer-for-elementor/assets/pdfjs/web/viewer.css]
[acecharityafrica.org/wp-content/plugins/pdf-viewer-for-elementor/assets/pdfjs/web/locale/locale.html]
[acecharityafrica.org/wp-content/plugins/pdf-viewer-for-elementor/assets/pdfjs/web/images/grab.html]
[acecharityafrica.org/wp-content/plugins/pdf-viewer-for-elementor/assets/pdfjs/web/images/grabbing.html]
